main.c:57:6:display7SEG1	16	static
main.c:118:6:enableRed1	8	static
main.c:124:6:enableYellow1	8	static
main.c:130:6:enableGreen1	8	static
main.c:136:6:enableRed2	8	static
main.c:142:6:enableYellow2	8	static
main.c:148:6:enableGreen2	8	static
main.c:154:12:setCounterRed	4	static
main.c:158:12:setCounterYellow	4	static
main.c:162:12:setCounterGreen	4	static
main.c:166:5:enableTerm_Green2	16	static
main.c:171:5:enableTerm_Yellow2	16	static
main.c:181:5:main	32	static
main.c:312:6:SystemClock_Config	72	static
main.c:348:13:MX_GPIO_Init	32	static
main.c:392:6:Error_Handler	4	static,ignoring_inline_asm
