main.c:57:6:enableRed1	8	static
main.c:63:6:enableYellow1	8	static
main.c:69:6:enableGreen1	8	static
main.c:75:6:enableRed2	8	static
main.c:81:6:enableYellow2	8	static
main.c:87:6:enableGreen2	8	static
main.c:93:12:setCounterRed	4	static
main.c:97:12:setCounterYellow	4	static
main.c:101:12:setCounterGreen	4	static
main.c:105:5:enableTerm_Green2	16	static
main.c:110:5:enableTerm_Yellow2	16	static
main.c:120:5:main	16	static
main.c:240:6:SystemClock_Config	72	static
main.c:276:13:MX_GPIO_Init	32	static
main.c:306:6:Error_Handler	4	static,ignoring_inline_asm
