main.c:59:6:display7SEG1	16	static
main.c:121:6:display7SEG2	16	static
main.c:182:6:enableRed1	8	static
main.c:188:6:enableYellow1	8	static
main.c:194:6:enableGreen1	8	static
main.c:200:6:enableRed2	8	static
main.c:206:6:enableYellow2	8	static
main.c:212:6:enableGreen2	8	static
main.c:218:12:setCounterRed	4	static
main.c:222:12:setCounterYellow	4	static
main.c:226:12:setCounterGreen	4	static
main.c:230:5:enableTerm_Green2	16	static
main.c:235:5:enableTerm_Yellow2	16	static
main.c:245:5:main	48	static
main.c:390:6:SystemClock_Config	72	static
main.c:426:13:MX_GPIO_Init	32	static
main.c:476:6:Error_Handler	4	static,ignoring_inline_asm
