main.c:63:6:display7SEG1	16	static
main.c:125:6:display7SEG2	16	static
main.c:186:6:enableRed1	8	static
main.c:192:6:enableYellow1	8	static
main.c:198:6:enableGreen1	8	static
main.c:204:6:enableRed2	8	static
main.c:210:6:enableYellow2	8	static
main.c:216:6:enableGreen2	8	static
main.c:222:5:enableTerm_Green2	16	static
main.c:227:5:enableTerm_Yellow2	16	static
main.c:237:5:main	16	static
main.c:444:6:SystemClock_Config	72	static
main.c:480:13:MX_GPIO_Init	32	static
main.c:530:6:Error_Handler	4	static,ignoring_inline_asm
